
> rizwans-desi-ghee-frontend@1.0.0 build
> next build

  Ôû▓ Next.js 14.2.35
  - Environments: .env.local

   Creating an optimized production build ...
npm :  ÔÜá For production Image Optimization with Next.js, the optional 
'sharp' package is strongly recommended. Run 'npm i sharp', and Next.js will 
use it automatically for Image Optimization.
At line:1 char:35
+ taskkill /F /IM node.exe 2>$null; npm run build 2>&1 | Tee-Object -Fi ...
+                                   ~~~~~~~~~~~~~~~~~~
    + CategoryInfo          : NotSpecified: ( ÔÜá For produc...e Optimization. 
   :String) [], RemoteException
    + FullyQualifiedErrorId : NativeCommandError
 
Read more: https://nextjs.org/docs/messages/sharp-missing-in-production
